e = a + b + c + d
===
Module
  body: [
    Assign >> 'e = a + b + c + d'
      targets: [
        Name >> 'e'
          id: 'e'
          ctx: Store
      ]
      value: BinOp >> 'a + b + c + d'
        left: BinOp >> 'a + b + c'
          left: BinOp >> 'a + b'
            left: Name >> 'a'
              id: 'a'
              ctx: Load
            op: Add
            right: Name >> 'b'
              id: 'b'
              ctx: Load
          op: Add
          right: Name >> 'c'
            id: 'c'
            ctx: Load
        op: Add
        right: Name >> 'd'
          id: 'd'
          ctx: Load
  ]
--- JSON ---
{
  "contents": [
    {
      "contents": [
        {
          "contents": [
            {
              "ctx": "Store", 
              "id": "id_0", 
              "type": "Name", 
              "value": "e"
            }, 
            " ", 
            {
              "id": "tid_1", 
              "type": "token", 
              "value": "="
            }, 
            " ", 
            {
              "contents": [
                {
                  "contents": [
                    {
                      "contents": [
                        {
                          "ctx": "Load", 
                          "id": "id_0", 
                          "type": "Name", 
                          "value": "a"
                        }, 
                        " ", 
                        {
                          "id": "tid_2", 
                          "type": "token", 
                          "value": "+"
                        }, 
                        " ", 
                        {
                          "ctx": "Load", 
                          "id": "id_0", 
                          "type": "Name", 
                          "value": "b"
                        }
                      ], 
                      "id": "id_0", 
                      "op": "Add", 
                      "type": "BinOp"
                    }, 
                    " ", 
                    {
                      "id": "tid_3", 
                      "type": "token", 
                      "value": "+"
                    }, 
                    " ", 
                    {
                      "ctx": "Load", 
                      "id": "id_0", 
                      "type": "Name", 
                      "value": "c"
                    }
                  ], 
                  "id": "id_0", 
                  "op": "Add", 
                  "type": "BinOp"
                }, 
                " ", 
                {
                  "id": "tid_4", 
                  "type": "token", 
                  "value": "+"
                }, 
                " ", 
                {
                  "ctx": "Load", 
                  "id": "id_0", 
                  "type": "Name", 
                  "value": "d"
                }
              ], 
              "id": "id_0", 
              "op": "Add", 
              "type": "BinOp"
            }
          ], 
          "id": "id_0", 
          "type": "Assign"
        }
      ], 
      "id": "id_0", 
      "type": "Module"
    }, 
    "\n"
  ], 
  "id": "id_ROOT", 
  "type": "ROOT_NODE"
}
