x = 1
y = 2
z = 3
===
Module
  body: [
    Assign >> 'x = 1'
      targets: [
        Name >> 'x'
          id: 'x'
          ctx: Store
      ]
      value: Num >> '1'
        n: 1
    Assign >> 'y = 2'
      targets: [
        Name >> 'y'
          id: 'y'
          ctx: Store
      ]
      value: Num >> '2'
        n: 2
    Assign >> 'z = 3'
      targets: [
        Name >> 'z'
          id: 'z'
          ctx: Store
      ]
      value: Num >> '3'
        n: 3
  ]
--- JSON ---
{
  "contents": [
    {
      "contents": [
        {
          "contents": [
            {
              "contents": [
                "x"
              ], 
              "id": "id_0", 
              "name": "Name"
            }, 
            " ", 
            {
              "id": "tid_1", 
              "name": "token", 
              "value": "="
            }, 
            " ", 
            {
              "contents": [
                "1"
              ], 
              "id": "id_0", 
              "name": "Num"
            }
          ], 
          "id": "id_0", 
          "name": "Assign"
        }, 
        "\n", 
        {
          "contents": [
            {
              "contents": [
                "y"
              ], 
              "id": "id_0", 
              "name": "Name"
            }, 
            " ", 
            {
              "id": "tid_2", 
              "name": "token", 
              "value": "="
            }, 
            " ", 
            {
              "contents": [
                "2"
              ], 
              "id": "id_0", 
              "name": "Num"
            }
          ], 
          "id": "id_0", 
          "name": "Assign"
        }, 
        "\n", 
        {
          "contents": [
            {
              "contents": [
                "z"
              ], 
              "id": "id_0", 
              "name": "Name"
            }, 
            " ", 
            {
              "id": "tid_3", 
              "name": "token", 
              "value": "="
            }, 
            " ", 
            {
              "contents": [
                "3"
              ], 
              "id": "id_0", 
              "name": "Num"
            }
          ], 
          "id": "id_0", 
          "name": "Assign"
        }
      ], 
      "id": "id_0", 
      "name": "Module"
    }, 
    "\n"
  ], 
  "id": "id_ROOT", 
  "name": "ROOT_NODE"
}
