d = a + b + c
===
Module
  body: [
    Assign >> 'd = a + b + c'
      targets: [
        Name >> 'd'
          id: 'd'
          ctx: Store
      ]
      value: BinOp >> 'a + b + c'
        left: BinOp >> 'a + b'
          left: Name >> 'a'
            id: 'a'
            ctx: Load
          op: Add
          right: Name >> 'b'
            id: 'b'
            ctx: Load
        op: Add
        right: Name >> 'c'
          id: 'c'
          ctx: Load
  ]
--- JSON ---
{
  "contents": [
    {
      "contents": [
        {
          "contents": [
            {
              "contents": [
                "d"
              ], 
              "id": "id_0", 
              "name": "Name"
            }, 
            " = ", 
            {
              "contents": [
                {
                  "contents": [
                    {
                      "contents": [
                        "a"
                      ], 
                      "id": "id_0", 
                      "name": "Name"
                    }, 
                    " + ", 
                    {
                      "contents": [
                        "b"
                      ], 
                      "id": "id_0", 
                      "name": "Name"
                    }
                  ], 
                  "id": "id_0", 
                  "name": "BinOp"
                }, 
                " + ", 
                {
                  "contents": [
                    "c"
                  ], 
                  "id": "id_0", 
                  "name": "Name"
                }
              ], 
              "id": "id_0", 
              "name": "BinOp"
            }
          ], 
          "id": "id_0", 
          "name": "Assign"
        }
      ], 
      "id": "id_0", 
      "name": "Module"
    }, 
    "\n"
  ], 
  "id": "id_ROOT", 
  "name": "ROOT_NODE"
}
