x.foo = y.baz
===
Module
  body: [
    Assign >> 'x.foo = y.baz'
      targets: [
        Attribute >> 'x.foo'
          value: Name >> 'x'
            id: 'x'
            ctx: Load
          attr: 'foo'
          ctx: Store
      ]
      value: Attribute >> 'y.baz'
        value: Name >> 'y'
          id: 'y'
          ctx: Load
        attr: 'baz'
        ctx: Load
  ]
--- JSON ---
{
  "contents": [
    {
      "contents": [
        {
          "contents": [
            {
              "contents": [
                {
                  "contents": [
                    "x"
                  ], 
                  "id": "id_0", 
                  "name": "Name"
                }, 
                ".foo"
              ], 
              "id": "id_0", 
              "name": "Attribute"
            }, 
            " ", 
            {
              "id": "tid_1", 
              "name": "token", 
              "value": "="
            }, 
            " ", 
            {
              "contents": [
                {
                  "contents": [
                    "y"
                  ], 
                  "id": "id_0", 
                  "name": "Name"
                }, 
                ".baz"
              ], 
              "id": "id_0", 
              "name": "Attribute"
            }
          ], 
          "id": "id_0", 
          "name": "Assign"
        }
      ], 
      "id": "id_0", 
      "name": "Module"
    }, 
    "\n"
  ], 
  "id": "id_ROOT", 
  "name": "ROOT_NODE"
}
