str = '%d %s %s' % (self.x, self.y, self.z)
===
Module
  body: [
    Assign >> "str = '%d %s %s' % (self.x, self.y, self.z)"
      targets: [
        Name >> 'str'
          id: 'str'
          ctx: Store
      ]
      value: BinOp >> "'%d %s %s' % (self.x, self.y, self.z)"
        left: Str >> "'%d %s %s'"
          s: '%d %s %s'
        op: Mod
        right: Tuple >> '(self.x, self.y, self.z)'
          elts: [
            Attribute >> 'self.x'
              value: Name >> 'self'
                id: 'self'
                ctx: Load
              attr: 'x'
              ctx: Load
            Attribute >> 'self.y'
              value: Name >> 'self'
                id: 'self'
                ctx: Load
              attr: 'y'
              ctx: Load
            Attribute >> 'self.z'
              value: Name >> 'self'
                id: 'self'
                ctx: Load
              attr: 'z'
              ctx: Load
          ]
          ctx: Load
  ]
--- JSON ---
{
  "contents": [
    {
      "contents": [
        {
          "contents": [
            {
              "ctx": "Store", 
              "id": "id_0", 
              "name": "Name", 
              "value": "str"
            }, 
            " ", 
            {
              "id": "tid_1", 
              "name": "token", 
              "value": "="
            }, 
            " ", 
            {
              "contents": [
                {
                  "id": "id_0", 
                  "name": "Str", 
                  "value": "'%d %s %s'"
                }, 
                " ", 
                {
                  "id": "tid_2", 
                  "name": "token", 
                  "value": "%"
                }, 
                " ", 
                {
                  "contents": [
                    "(", 
                    {
                      "attr": "x", 
                      "contents": [
                        {
                          "ctx": "Load", 
                          "id": "id_0", 
                          "name": "Name", 
                          "value": "self"
                        }, 
                        ".x"
                      ], 
                      "ctx": "Load", 
                      "id": "id_0", 
                      "name": "Attribute"
                    }, 
                    {
                      "id": "tid_3", 
                      "name": "token", 
                      "value": ","
                    }, 
                    " ", 
                    {
                      "attr": "y", 
                      "contents": [
                        {
                          "ctx": "Load", 
                          "id": "id_0", 
                          "name": "Name", 
                          "value": "self"
                        }, 
                        ".y"
                      ], 
                      "ctx": "Load", 
                      "id": "id_0", 
                      "name": "Attribute"
                    }, 
                    {
                      "id": "tid_4", 
                      "name": "token", 
                      "value": ","
                    }, 
                    " ", 
                    {
                      "attr": "z", 
                      "contents": [
                        {
                          "ctx": "Load", 
                          "id": "id_0", 
                          "name": "Name", 
                          "value": "self"
                        }, 
                        ".z"
                      ], 
                      "ctx": "Load", 
                      "id": "id_0", 
                      "name": "Attribute"
                    }, 
                    ")"
                  ], 
                  "ctx": "Load", 
                  "id": "id_0", 
                  "name": "Tuple"
                }
              ], 
              "id": "id_0", 
              "name": "BinOp", 
              "op": "Mod"
            }
          ], 
          "id": "id_0", 
          "name": "Assign"
        }
      ], 
      "id": "id_0", 
      "name": "Module"
    }, 
    "\n"
  ], 
  "id": "id_ROOT", 
  "name": "ROOT_NODE"
}
