w = set(["joe", 5 + 6, "mindy" + "jack" * 2])
===
Module
  body: [
    Assign >> 'w = set(["joe", 5 + 6, "mindy" + "jack" * 2])'
      targets: [
        Name >> 'w'
          id: 'w'
          ctx: Store
      ]
      value: Call >> 'set(["joe", 5 + 6, "mindy" + "jack" * 2])'
        func: Name >> 'set'
          id: 'set'
          ctx: Load
        args: [
          List >> '["joe", 5 + 6, "mindy" + "jack" * 2]'
            elts: [
              Str >> '"joe"'
                s: 'joe'
              BinOp >> '5 + 6'
                left: Num >> '5'
                  n: 5
                op: Add
                right: Num >> '6'
                  n: 6
              BinOp >> '"mindy" + "jack" * 2'
                left: Str >> '"mindy"'
                  s: 'mindy'
                op: Add
                right: BinOp >> '"jack" * 2'
                  left: Str >> '"jack"'
                    s: 'jack'
                  op: Mult
                  right: Num >> '2'
                    n: 2
            ]
            ctx: Load
        ]
        keywords: [
        ]
        starargs: None
        kwargs: None
  ]
--- JSON ---
{
  "contents": [
    {
      "contents": [
        {
          "contents": [
            {
              "ctx": "Store", 
              "id": "id_0", 
              "name": "Name", 
              "value": "w"
            }, 
            " ", 
            {
              "id": "tid_1", 
              "name": "token", 
              "value": "="
            }, 
            " ", 
            {
              "contents": [
                {
                  "ctx": "Load", 
                  "id": "id_0", 
                  "name": "Name", 
                  "value": "set"
                }, 
                "(", 
                {
                  "contents": [
                    "[", 
                    {
                      "id": "id_0", 
                      "name": "Str", 
                      "value": "\"joe\""
                    }, 
                    {
                      "id": "tid_2", 
                      "name": "token", 
                      "value": ","
                    }, 
                    " ", 
                    {
                      "contents": [
                        {
                          "id": "id_0", 
                          "name": "Num", 
                          "value": "5"
                        }, 
                        " ", 
                        {
                          "id": "tid_3", 
                          "name": "token", 
                          "value": "+"
                        }, 
                        " ", 
                        {
                          "id": "id_0", 
                          "name": "Num", 
                          "value": "6"
                        }
                      ], 
                      "id": "id_0", 
                      "name": "BinOp", 
                      "op": "Add"
                    }, 
                    {
                      "id": "tid_4", 
                      "name": "token", 
                      "value": ","
                    }, 
                    " ", 
                    {
                      "contents": [
                        {
                          "id": "id_0", 
                          "name": "Str", 
                          "value": "\"mindy\""
                        }, 
                        " ", 
                        {
                          "id": "tid_5", 
                          "name": "token", 
                          "value": "+"
                        }, 
                        " ", 
                        {
                          "contents": [
                            {
                              "id": "id_0", 
                              "name": "Str", 
                              "value": "\"jack\""
                            }, 
                            " ", 
                            {
                              "id": "tid_6", 
                              "name": "token", 
                              "value": "*"
                            }, 
                            " ", 
                            {
                              "id": "id_0", 
                              "name": "Num", 
                              "value": "2"
                            }
                          ], 
                          "id": "id_0", 
                          "name": "BinOp", 
                          "op": "Mult"
                        }
                      ], 
                      "id": "id_0", 
                      "name": "BinOp", 
                      "op": "Add"
                    }, 
                    "]"
                  ], 
                  "ctx": "Load", 
                  "id": "id_0", 
                  "name": "List"
                }, 
                ")"
              ], 
              "id": "id_0", 
              "name": "Call"
            }
          ], 
          "id": "id_0", 
          "name": "Assign"
        }
      ], 
      "id": "id_0", 
      "name": "Module"
    }, 
    "\n"
  ], 
  "id": "id_ROOT", 
  "name": "ROOT_NODE"
}
