self.val = self.val ** 2
===
Module
  body: [
    Assign >> 'self.val = self.val ** 2'
      targets: [
        Attribute >> 'self.val'
          value: Name >> 'self'
            id: 'self'
            ctx: Load
          attr: 'val'
          ctx: Store
      ]
      value: BinOp >> 'self.val ** 2'
        left: Attribute >> 'self.val'
          value: Name >> 'self'
            id: 'self'
            ctx: Load
          attr: 'val'
          ctx: Load
        op: Pow
        right: Num >> '2'
          n: 2
  ]
--- JSON ---
{
  "contents": [
    {
      "contents": [
        {
          "contents": [
            {
              "attr": "val", 
              "contents": [
                {
                  "ctx": "Load", 
                  "id": "id_0", 
                  "name": "Name", 
                  "value": "self"
                }, 
                ".val"
              ], 
              "ctx": "Store", 
              "id": "id_0", 
              "name": "Attribute"
            }, 
            " ", 
            {
              "id": "tid_1", 
              "name": "token", 
              "value": "="
            }, 
            " ", 
            {
              "contents": [
                {
                  "attr": "val", 
                  "contents": [
                    {
                      "ctx": "Load", 
                      "id": "id_0", 
                      "name": "Name", 
                      "value": "self"
                    }, 
                    ".val"
                  ], 
                  "ctx": "Load", 
                  "id": "id_0", 
                  "name": "Attribute"
                }, 
                " ", 
                {
                  "id": "tid_2", 
                  "name": "token", 
                  "value": "**"
                }, 
                " ", 
                {
                  "id": "id_0", 
                  "name": "Num", 
                  "value": "2"
                }
              ], 
              "id": "id_0", 
              "name": "BinOp", 
              "op": "Pow"
            }
          ], 
          "id": "id_0", 
          "name": "Assign"
        }
      ], 
      "id": "id_0", 
      "name": "Module"
    }, 
    "\n"
  ], 
  "id": "id_ROOT", 
  "name": "ROOT_NODE"
}
