# mix up function call and tuple hysteresis, to maximize confusion
def foo():
  return (func1(x, y), func2(z, w))
===
Module
  body: [
    FunctionDef >> 'def foo()'
      name: 'foo'
      args: arguments
        args: [
        ]
        vararg: None
        kwarg: None
        defaults: [
        ]
      body: [
        Return >> 'return (func1(x, y), func2(z, w))'
          value: Tuple >> '(func1(x, y), func2(z, w))'
            elts: [
              Call >> 'func1(x, y)'
                func: Name >> 'func1'
                  id: 'func1'
                  ctx: Load
                args: [
                  Name >> 'x'
                    id: 'x'
                    ctx: Load
                  Name >> 'y'
                    id: 'y'
                    ctx: Load
                ]
                keywords: [
                ]
                starargs: None
                kwargs: None
              Call >> 'func2(z, w)'
                func: Name >> 'func2'
                  id: 'func2'
                  ctx: Load
                args: [
                  Name >> 'z'
                    id: 'z'
                    ctx: Load
                  Name >> 'w'
                    id: 'w'
                    ctx: Load
                ]
                keywords: [
                ]
                starargs: None
                kwargs: None
            ]
            ctx: Load
      ]
      decorator_list: [
      ]
  ]
--- JSON ---
{
  "contents": [
    "", 
    {
      "token_kind": "comment", 
      "value": "# mix up function call and tuple hysteresis, to maximize confusion"
    }, 
    "\n", 
    "", 
    {
      "contents": [
        {
          "contents": [
            "def foo()"
          ], 
          "id": "id_0", 
          "name": "FunctionDef"
        }, 
        ":", 
        "\n", 
        "  ", 
        {
          "contents": [
            "return ", 
            {
              "contents": [
                "(", 
                {
                  "contents": [
                    {
                      "contents": [
                        "func1"
                      ], 
                      "id": "id_0", 
                      "name": "Name"
                    }, 
                    "(", 
                    {
                      "contents": [
                        "x"
                      ], 
                      "id": "id_0", 
                      "name": "Name"
                    }, 
                    ", ", 
                    {
                      "contents": [
                        "y"
                      ], 
                      "id": "id_0", 
                      "name": "Name"
                    }, 
                    ")"
                  ], 
                  "id": "id_0", 
                  "name": "Call"
                }, 
                ", ", 
                {
                  "contents": [
                    {
                      "contents": [
                        "func2"
                      ], 
                      "id": "id_0", 
                      "name": "Name"
                    }, 
                    "(", 
                    {
                      "contents": [
                        "z"
                      ], 
                      "id": "id_0", 
                      "name": "Name"
                    }, 
                    ", ", 
                    {
                      "contents": [
                        "w"
                      ], 
                      "id": "id_0", 
                      "name": "Name"
                    }, 
                    ")"
                  ], 
                  "id": "id_0", 
                  "name": "Call"
                }, 
                ")"
              ], 
              "id": "id_0", 
              "name": "Tuple"
            }
          ], 
          "id": "id_0", 
          "name": "Return"
        }
      ], 
      "id": "id_0", 
      "name": "Module"
    }, 
    "\n"
  ], 
  "id": "id_ROOT", 
  "name": "ROOT_NODE"
}
