x = [1, [2, [3, [4, None]]]]
y = (1, (2, (3, (4, (5, None)))))
# naked tuples
z = 1, 2, 3, 4, 5, None
===
Module
  body: [
    Assign >> 'x = [1, [2, [3, [4, None]]]]'
      targets: [
        Name >> 'x'
          id: 'x'
          ctx: Store
      ]
      value: List >> '[1, [2, [3, [4, None]]]]'
        elts: [
          Num >> '1'
            n: 1
          List >> '[2, [3, [4, None]]]'
            elts: [
              Num >> '2'
                n: 2
              List >> '[3, [4, None]]'
                elts: [
                  Num >> '3'
                    n: 3
                  List >> '[4, None]'
                    elts: [
                      Num >> '4'
                        n: 4
                      Name >> 'None'
                        id: 'None'
                        ctx: Load
                    ]
                    ctx: Load
                ]
                ctx: Load
            ]
            ctx: Load
        ]
        ctx: Load
    Assign >> 'y = (1, (2, (3, (4, (5, None)))))'
      targets: [
        Name >> 'y'
          id: 'y'
          ctx: Store
      ]
      value: Tuple >> '(1, (2, (3, (4, (5, None)))))'
        elts: [
          Num >> '1'
            n: 1
          Tuple >> '(2, (3, (4, (5, None))))'
            elts: [
              Num >> '2'
                n: 2
              Tuple >> '(3, (4, (5, None)))'
                elts: [
                  Num >> '3'
                    n: 3
                  Tuple >> '(4, (5, None))'
                    elts: [
                      Num >> '4'
                        n: 4
                      Tuple >> '(5, None)'
                        elts: [
                          Num >> '5'
                            n: 5
                          Name >> 'None'
                            id: 'None'
                            ctx: Load
                        ]
                        ctx: Load
                    ]
                    ctx: Load
                ]
                ctx: Load
            ]
            ctx: Load
        ]
        ctx: Load
    Assign >> 'z = 1, 2, 3, 4, 5, None'
      targets: [
        Name >> 'z'
          id: 'z'
          ctx: Store
      ]
      value: Tuple >> '1, 2, 3, 4, 5, None'
        elts: [
          Num >> '1'
            n: 1
          Num >> '2'
            n: 2
          Num >> '3'
            n: 3
          Num >> '4'
            n: 4
          Num >> '5'
            n: 5
          Name >> 'None'
            id: 'None'
            ctx: Load
        ]
        ctx: Load
  ]
--- JSON ---
{
  "contents": [
    {
      "contents": [
        {
          "contents": [
            {
              "id": "id_0", 
              "name": "Name", 
              "value": "x"
            }, 
            " ", 
            {
              "id": "tid_1", 
              "name": "token", 
              "value": "="
            }, 
            " ", 
            {
              "contents": [
                {
                  "id": "tid_2", 
                  "name": "token", 
                  "value": "["
                }, 
                {
                  "id": "id_0", 
                  "name": "Num", 
                  "value": "1"
                }, 
                {
                  "id": "tid_3", 
                  "name": "token", 
                  "value": ","
                }, 
                " ", 
                {
                  "contents": [
                    {
                      "id": "tid_4", 
                      "name": "token", 
                      "value": "["
                    }, 
                    {
                      "id": "id_0", 
                      "name": "Num", 
                      "value": "2"
                    }, 
                    {
                      "id": "tid_5", 
                      "name": "token", 
                      "value": ","
                    }, 
                    " ", 
                    {
                      "contents": [
                        {
                          "id": "tid_6", 
                          "name": "token", 
                          "value": "["
                        }, 
                        {
                          "id": "id_0", 
                          "name": "Num", 
                          "value": "3"
                        }, 
                        {
                          "id": "tid_7", 
                          "name": "token", 
                          "value": ","
                        }, 
                        " ", 
                        {
                          "contents": [
                            {
                              "id": "tid_8", 
                              "name": "token", 
                              "value": "["
                            }, 
                            {
                              "id": "id_0", 
                              "name": "Num", 
                              "value": "4"
                            }, 
                            {
                              "id": "tid_9", 
                              "name": "token", 
                              "value": ","
                            }, 
                            " ", 
                            {
                              "id": "id_0", 
                              "name": "Name", 
                              "value": "None"
                            }, 
                            {
                              "id": "tid_10", 
                              "name": "token", 
                              "value": "]"
                            }
                          ], 
                          "id": "id_0", 
                          "name": "List"
                        }, 
                        {
                          "id": "tid_11", 
                          "name": "token", 
                          "value": "]"
                        }
                      ], 
                      "id": "id_0", 
                      "name": "List"
                    }, 
                    {
                      "id": "tid_12", 
                      "name": "token", 
                      "value": "]"
                    }
                  ], 
                  "id": "id_0", 
                  "name": "List"
                }, 
                {
                  "id": "tid_13", 
                  "name": "token", 
                  "value": "]"
                }
              ], 
              "id": "id_0", 
              "name": "List"
            }
          ], 
          "id": "id_0", 
          "name": "Assign"
        }, 
        "\n", 
        {
          "contents": [
            {
              "id": "id_0", 
              "name": "Name", 
              "value": "y"
            }, 
            " ", 
            {
              "id": "tid_14", 
              "name": "token", 
              "value": "="
            }, 
            " ", 
            {
              "contents": [
                {
                  "id": "tid_15", 
                  "name": "token", 
                  "value": "("
                }, 
                {
                  "id": "id_0", 
                  "name": "Num", 
                  "value": "1"
                }, 
                {
                  "id": "tid_16", 
                  "name": "token", 
                  "value": ","
                }, 
                " ", 
                {
                  "contents": [
                    {
                      "id": "tid_17", 
                      "name": "token", 
                      "value": "("
                    }, 
                    {
                      "id": "id_0", 
                      "name": "Num", 
                      "value": "2"
                    }, 
                    {
                      "id": "tid_18", 
                      "name": "token", 
                      "value": ","
                    }, 
                    " ", 
                    {
                      "contents": [
                        {
                          "id": "tid_19", 
                          "name": "token", 
                          "value": "("
                        }, 
                        {
                          "id": "id_0", 
                          "name": "Num", 
                          "value": "3"
                        }, 
                        {
                          "id": "tid_20", 
                          "name": "token", 
                          "value": ","
                        }, 
                        " ", 
                        {
                          "contents": [
                            {
                              "id": "tid_21", 
                              "name": "token", 
                              "value": "("
                            }, 
                            {
                              "id": "id_0", 
                              "name": "Num", 
                              "value": "4"
                            }, 
                            {
                              "id": "tid_22", 
                              "name": "token", 
                              "value": ","
                            }, 
                            " ", 
                            {
                              "contents": [
                                {
                                  "id": "tid_23", 
                                  "name": "token", 
                                  "value": "("
                                }, 
                                {
                                  "id": "id_0", 
                                  "name": "Num", 
                                  "value": "5"
                                }, 
                                {
                                  "id": "tid_24", 
                                  "name": "token", 
                                  "value": ","
                                }, 
                                " ", 
                                {
                                  "id": "id_0", 
                                  "name": "Name", 
                                  "value": "None"
                                }, 
                                {
                                  "id": "tid_25", 
                                  "name": "token", 
                                  "value": ")"
                                }
                              ], 
                              "id": "id_0", 
                              "name": "Tuple"
                            }, 
                            {
                              "id": "tid_26", 
                              "name": "token", 
                              "value": ")"
                            }
                          ], 
                          "id": "id_0", 
                          "name": "Tuple"
                        }, 
                        {
                          "id": "tid_27", 
                          "name": "token", 
                          "value": ")"
                        }
                      ], 
                      "id": "id_0", 
                      "name": "Tuple"
                    }, 
                    {
                      "id": "tid_28", 
                      "name": "token", 
                      "value": ")"
                    }
                  ], 
                  "id": "id_0", 
                  "name": "Tuple"
                }, 
                {
                  "id": "tid_29", 
                  "name": "token", 
                  "value": ")"
                }
              ], 
              "id": "id_0", 
              "name": "Tuple"
            }
          ], 
          "id": "id_0", 
          "name": "Assign"
        }, 
        "\n", 
        {
          "id": "tid_30", 
          "name": "comment", 
          "value": "# naked tuples"
        }, 
        "\n", 
        {
          "contents": [
            {
              "id": "id_0", 
              "name": "Name", 
              "value": "z"
            }, 
            " ", 
            {
              "id": "tid_31", 
              "name": "token", 
              "value": "="
            }, 
            " ", 
            {
              "contents": [
                {
                  "id": "id_0", 
                  "name": "Num", 
                  "value": "1"
                }, 
                {
                  "id": "tid_32", 
                  "name": "token", 
                  "value": ","
                }, 
                " ", 
                {
                  "id": "id_0", 
                  "name": "Num", 
                  "value": "2"
                }, 
                {
                  "id": "tid_33", 
                  "name": "token", 
                  "value": ","
                }, 
                " ", 
                {
                  "id": "id_0", 
                  "name": "Num", 
                  "value": "3"
                }, 
                {
                  "id": "tid_34", 
                  "name": "token", 
                  "value": ","
                }, 
                " ", 
                {
                  "id": "id_0", 
                  "name": "Num", 
                  "value": "4"
                }, 
                {
                  "id": "tid_35", 
                  "name": "token", 
                  "value": ","
                }, 
                " ", 
                {
                  "id": "id_0", 
                  "name": "Num", 
                  "value": "5"
                }, 
                {
                  "id": "tid_36", 
                  "name": "token", 
                  "value": ","
                }, 
                " ", 
                {
                  "id": "id_0", 
                  "name": "Name", 
                  "value": "None"
                }
              ], 
              "id": "id_0", 
              "name": "Tuple"
            }
          ], 
          "id": "id_0", 
          "name": "Assign"
        }
      ], 
      "id": "id_0", 
      "name": "Module"
    }, 
    "\n"
  ], 
  "id": "id_ROOT", 
  "name": "ROOT_NODE"
}
