x = not (1 + 3 == 5)
===
Module
  body: [
    Assign >> 'x = not (1 + 3 == 5'
      targets: [
        Name >> 'x'
          id: 'x'
          ctx: Store
      ]
      value: UnaryOp >> 'not (1 + 3 == 5'
        op: Not
        operand: Compare >> '1 + 3 == 5'
          left: BinOp >> '1 + 3'
            left: Num >> '1'
              n: 1
            op: Add
            right: Num >> '3'
              n: 3
          ops: [
            Eq
          ]
          comparators: [
            Num >> '5'
              n: 5
          ]
  ]
--- JSON ---
{
  "contents": [
    {
      "contents": [
        {
          "contents": [
            {
              "contents": [
                "x"
              ], 
              "id": "id_0", 
              "name": "Name"
            }, 
            " = ", 
            {
              "contents": [
                "not (", 
                {
                  "contents": [
                    {
                      "contents": [
                        {
                          "contents": [
                            "1"
                          ], 
                          "id": "id_0", 
                          "name": "Num"
                        }, 
                        " + ", 
                        {
                          "contents": [
                            "3"
                          ], 
                          "id": "id_0", 
                          "name": "Num"
                        }
                      ], 
                      "id": "id_0", 
                      "name": "BinOp"
                    }, 
                    " == ", 
                    {
                      "contents": [
                        "5"
                      ], 
                      "id": "id_0", 
                      "name": "Num"
                    }
                  ], 
                  "id": "id_0", 
                  "name": "Compare"
                }
              ], 
              "id": "id_0", 
              "name": "UnaryOp"
            }
          ], 
          "id": "id_0", 
          "name": "Assign"
        }
      ], 
      "id": "id_0", 
      "name": "Module"
    }, 
    ")", 
    "\n", 
    ""
  ], 
  "id": "id_ROOT", 
  "name": "ROOT_NODE"
}
