def foo():
  return True

x = 3
y = 5

if foo() and (x + y > 7):
  print 'YES'
else:
  print 'NO'
===
Module
  body: [
    FunctionDef >> 'def foo()'
      name: 'foo'
      args: arguments
        args: [
        ]
        vararg: None
        kwarg: None
        defaults: [
        ]
      body: [
        Return >> 'return True'
          value: Name >> 'True'
            id: 'True'
            ctx: Load
      ]
      decorator_list: [
      ]
    Assign >> 'x = 3'
      targets: [
        Name >> 'x'
          id: 'x'
          ctx: Store
      ]
      value: Num >> '3'
        n: 3
    Assign >> 'y = 5'
      targets: [
        Name >> 'y'
          id: 'y'
          ctx: Store
      ]
      value: Num >> '5'
        n: 5
    If >> 'if foo() and (x + y > 7'
      test: BoolOp >> 'foo() and (x + y > 7'
        op: And
        values: [
          Call >> 'foo()'
            func: Name >> 'foo'
              id: 'foo'
              ctx: Load
            args: [
            ]
            keywords: [
            ]
            starargs: None
            kwargs: None
          Compare >> 'x + y > 7'
            left: BinOp >> 'x + y'
              left: Name >> 'x'
                id: 'x'
                ctx: Load
              op: Add
              right: Name >> 'y'
                id: 'y'
                ctx: Load
            ops: [
              Gt
            ]
            comparators: [
              Num >> '7'
                n: 7
            ]
        ]
      body: [
        Print >> "print 'YES'"
          dest: None
          values: [
            Str >> "'YES'"
              s: 'YES'
          ]
          nl: True
      ]
      orelse: [
        Print >> "print 'NO'"
          dest: None
          values: [
            Str >> "'NO'"
              s: 'NO'
          ]
          nl: True
      ]
  ]
--- JSON ---
{
  "contents": [
    {
      "contents": [
        {
          "id": "id_0", 
          "name": "FunctionDef", 
          "value": "def foo()"
        }, 
        {
          "id": "tid_1", 
          "name": "token", 
          "value": ":"
        }, 
        "\n  ", 
        {
          "contents": [
            {
              "id": "tid_2", 
              "name": "token", 
              "value": "return"
            }, 
            " ", 
            {
              "ctx": "Load", 
              "id": "id_0", 
              "name": "Name", 
              "value": "True"
            }
          ], 
          "id": "id_0", 
          "name": "Return"
        }, 
        "\n\n", 
        {
          "contents": [
            {
              "ctx": "Store", 
              "id": "id_0", 
              "name": "Name", 
              "value": "x"
            }, 
            " ", 
            {
              "id": "tid_3", 
              "name": "token", 
              "value": "="
            }, 
            " ", 
            {
              "id": "id_0", 
              "name": "Num", 
              "value": "3"
            }
          ], 
          "id": "id_0", 
          "name": "Assign"
        }, 
        "\n", 
        {
          "contents": [
            {
              "ctx": "Store", 
              "id": "id_0", 
              "name": "Name", 
              "value": "y"
            }, 
            " ", 
            {
              "id": "tid_4", 
              "name": "token", 
              "value": "="
            }, 
            " ", 
            {
              "id": "id_0", 
              "name": "Num", 
              "value": "5"
            }
          ], 
          "id": "id_0", 
          "name": "Assign"
        }, 
        "\n\n", 
        {
          "contents": [
            {
              "id": "tid_5", 
              "name": "token", 
              "value": "if"
            }, 
            " ", 
            {
              "contents": [
                {
                  "contents": [
                    {
                      "ctx": "Load", 
                      "id": "id_0", 
                      "name": "Name", 
                      "value": "foo"
                    }, 
                    "()"
                  ], 
                  "id": "id_0", 
                  "name": "Call"
                }, 
                " and (", 
                {
                  "contents": [
                    {
                      "contents": [
                        {
                          "ctx": "Load", 
                          "id": "id_0", 
                          "name": "Name", 
                          "value": "x"
                        }, 
                        " ", 
                        {
                          "id": "tid_6", 
                          "name": "token", 
                          "value": "+"
                        }, 
                        " ", 
                        {
                          "ctx": "Load", 
                          "id": "id_0", 
                          "name": "Name", 
                          "value": "y"
                        }
                      ], 
                      "id": "id_0", 
                      "name": "BinOp", 
                      "op": "Add"
                    }, 
                    " ", 
                    {
                      "id": "tid_7", 
                      "name": "token", 
                      "value": ">"
                    }, 
                    " ", 
                    {
                      "id": "id_0", 
                      "name": "Num", 
                      "value": "7"
                    }
                  ], 
                  "id": "id_0", 
                  "name": "Compare", 
                  "ops": [
                    "Gt"
                  ]
                }
              ], 
              "id": "id_0", 
              "name": "BoolOp", 
              "op": "And"
            }
          ], 
          "id": "id_0", 
          "name": "If"
        }, 
        "):\n  ", 
        {
          "contents": [
            {
              "id": "tid_8", 
              "name": "token", 
              "value": "print"
            }, 
            " ", 
            {
              "id": "id_0", 
              "name": "Str", 
              "value": "'YES'"
            }
          ], 
          "id": "id_0", 
          "name": "Print"
        }, 
        "\nelse:\n  ", 
        {
          "contents": [
            {
              "id": "tid_9", 
              "name": "token", 
              "value": "print"
            }, 
            " ", 
            {
              "id": "id_0", 
              "name": "Str", 
              "value": "'NO'"
            }
          ], 
          "id": "id_0", 
          "name": "Print"
        }
      ], 
      "id": "id_0", 
      "name": "Module"
    }, 
    "\n"
  ], 
  "id": "id_ROOT", 
  "name": "ROOT_NODE"
}
