3
3.0
3.14
-3
-3.14
3.14159
3.
-3.
===
Module
  body: [
    Expr
      value: Num >> '3'
        n: 3
    Expr
      value: Num >> '3.0'
        n: 3.0
    Expr
      value: Num >> '3.14'
        n: 3.14
    Expr
      value: Num >> '-3'
        n: -3
    Expr
      value: Num >> '-3.14'
        n: -3.14
    Expr
      value: Num >> '3.14159'
        n: 3.14159
    Expr
      value: Num >> '3.'
        n: 3.0
    Expr
      value: Num >> '-3.'
        n: -3.0
  ]
--- JSON ---
{
  "contents": [
    {
      "contents": [
        {
          "contents": [
            {
              "id": "id_0", 
              "name": "Num", 
              "value": "3"
            }
          ], 
          "id": "id_0", 
          "name": "Expr"
        }, 
        "\n", 
        {
          "contents": [
            {
              "id": "id_0", 
              "name": "Num", 
              "value": "3.0"
            }
          ], 
          "id": "id_0", 
          "name": "Expr"
        }, 
        "\n", 
        {
          "contents": [
            {
              "id": "id_0", 
              "name": "Num", 
              "value": "3.14"
            }
          ], 
          "id": "id_0", 
          "name": "Expr"
        }, 
        "\n", 
        {
          "contents": [
            {
              "id": "id_0", 
              "name": "Num", 
              "value": "-3"
            }
          ], 
          "id": "id_0", 
          "name": "Expr"
        }, 
        "\n", 
        {
          "contents": [
            {
              "id": "id_0", 
              "name": "Num", 
              "value": "-3.14"
            }
          ], 
          "id": "id_0", 
          "name": "Expr"
        }, 
        "\n", 
        {
          "contents": [
            {
              "id": "id_0", 
              "name": "Num", 
              "value": "3.14159"
            }
          ], 
          "id": "id_0", 
          "name": "Expr"
        }, 
        "\n", 
        {
          "contents": [
            {
              "id": "id_0", 
              "name": "Num", 
              "value": "3."
            }
          ], 
          "id": "id_0", 
          "name": "Expr"
        }, 
        "\n", 
        {
          "contents": [
            {
              "id": "id_0", 
              "name": "Num", 
              "value": "-3."
            }
          ], 
          "id": "id_0", 
          "name": "Expr"
        }
      ], 
      "id": "id_0", 
      "name": "Module"
    }, 
    "\n"
  ], 
  "id": "id_ROOT", 
  "name": "ROOT_NODE"
}
